ASxxxx Linker V03.00 + NoICE + sdld,  page 1.
Hexadecimal  [32-Bits]

Area                                    Addr        Size        Decimal Bytes (Attributes)
--------------------------------        ----        ----        ------- ----- ------------
CABS                                00000000    00000000 =           0. bytes (ABS,CON,CODE)

      Value  Global                              Global Defined In Module
      -----  --------------------------------   ------------------------
C:   00000000  l_BIT_BANK                      
C:   00000000  l_BSEG                          
C:   00000000  l_BSEG_BYTES                    
C:   00000000  l_CABS                          
C:   00000000  l_CONST                         
C:   00000000  l_GSINIT                        
C:   00000000  l_GSINIT1                       
C:   00000000  l_GSINIT5                       
C:   00000000  l_IABS                          
C:   00000000  l_ISEG                          
C:   00000000  l_OSEG                          
C:   00000000  l_PSEG                          
C:   00000000  l_REG_BANK_1                    
C:   00000000  l_REG_BANK_2                    
C:   00000000  l_REG_BANK_3                    
C:   00000000  l_RSEG                          
C:   00000000  l_RSEG0                         
C:   00000000  l_RSEG1                         
C:   00000000  l_XABS                          
C:   00000000  l_XINIT                         
C:   00000000  l_XISEG                         
C:   00000000  l_XSEG                          
C:   00000000  l__CODE                         
C:   00000000  s_BSEG                          
C:   00000000  s_CABS                          
C:   00000000  s_DSEG                          
C:   00000000  s_HOME                          
C:   00000000  s_IABS                          
C:   00000000  s_ISEG                          
C:   00000000  s_REG_BANK_0                    
C:   00000000  s_RSEG                          
C:   00000000  s_RSEG0                         
C:   00000000  s_RSEG1                         
C:   00000000  s_XABS                          
C:   00000001  s_PSEG                          
C:   00000001  s_XISEG                         
C:   00000001  s_XSEG                          
C:   00000003  l_GSFINAL                       
C:   00000003  l_GSINIT0                       
C:   00000006  l_HOME                          
C:   00000006  s_GSINIT0                       
C:   00000008  l_REG_BANK_0                    
C:   00000008  s_REG_BANK_1                    
C:   00000009  s_GSINIT1                       
C:   00000009  s_GSINIT2                       
C:   0000000A  l_GSINIT2                       
C:   00000010  s_REG_BANK_2                    
C:   00000013  s_GSINIT3                       
C:   00000018  s_BIT_BANK                      
C:   00000018  s_OSEG                          
ASxxxx Linker V03.00 + NoICE + sdld,  page 2.
Hexadecimal  [32-Bits]

Area                                    Addr        Size        Decimal Bytes (Attributes)
--------------------------------        ----        ----        ------- ----- ------------
CABS                                00000000    00000000 =           0. bytes (ABS,CON,CODE)

      Value  Global                              Global Defined In Module
      -----  --------------------------------   ------------------------
C:   00000018  s_REG_BANK_3                    
C:   00000019  s_SSEG                          
C:   00000020  s_BSEG_BYTES                    
C:   00000020  s__CODE                         
C:   00000022  l_GSINIT3                       
C:   0000002A  l_GSINIT4                       
C:   00000035  s_GSINIT4                       
C:   0000005F  s_GSFINAL                       
C:   0000005F  s_GSINIT                        
C:   0000005F  s_GSINIT5                       
C:   00000062  s_CSEG                          
C:   00000080  l_DSEG                          
C:   00000097  l_CSEG                          
C:   000000E7  l_SSEG                          
C:   000000F9  s_CONST                         
C:   000000F9  s_XINIT                         
C:   00000100  l_IRAM                          

ASxxxx Linker V03.00 + NoICE + sdld,  page 3.
Hexadecimal  [32-Bits]

Area                                    Addr        Size        Decimal Bytes (Attributes)
--------------------------------        ----        ----        ------- ----- ------------
.  .ABS.                            00000000    00000000 =           0. bytes (ABS,CON)

      Value  Global                              Global Defined In Module
      -----  --------------------------------   ------------------------
     00000000  .__.ABS.                           _startup
     00000080  _P0                                1_f_1_simp
     00000080  _P0_0                              1_f_1_simp
     00000081  _P0_1                              1_f_1_simp
     00000081  _SP                                1_f_1_simp
     00000082  _DPL                               1_f_1_simp
     00000082  _P0_2                              1_f_1_simp
     00000083  _DPH                               1_f_1_simp
     00000083  _P0_3                              1_f_1_simp
     00000084  _EMI0TC                            1_f_1_simp
     00000084  _P0_4                              1_f_1_simp
     00000085  _EMI0CF                            1_f_1_simp
     00000085  _P0_5                              1_f_1_simp
     00000086  _OSCLCN                            1_f_1_simp
     00000086  _P0_6                              1_f_1_simp
     00000087  _P0_7                              1_f_1_simp
     00000087  _PCON                              1_f_1_simp
     00000088  _IT0                               1_f_1_simp
     00000088  _TCON                              1_f_1_simp
     00000089  _IE0                               1_f_1_simp
     00000089  _TMOD                              1_f_1_simp
     0000008A  _IT1                               1_f_1_simp
     0000008A  _TL0                               1_f_1_simp
     0000008B  _IE1                               1_f_1_simp
     0000008B  _TL1                               1_f_1_simp
     0000008C  _TH0                               1_f_1_simp
     0000008C  _TR0                               1_f_1_simp
     0000008D  _TF0                               1_f_1_simp
     0000008D  _TH1                               1_f_1_simp
     0000008E  _CKCON                             1_f_1_simp
     0000008E  _TR1                               1_f_1_simp
     0000008F  _PSCTL                             1_f_1_simp
     0000008F  _TF1                               1_f_1_simp
     00000090  _P1                                1_f_1_simp
     00000090  _P1_0                              1_f_1_simp
     00000091  _P1_1                              1_f_1_simp
     00000091  _TMR3CN                            1_f_1_simp
     00000091  _TMR4CN                            1_f_1_simp
     00000092  _P1_2                              1_f_1_simp
     00000092  _TMR3RLL                           1_f_1_simp
     00000092  _TMR4RLL                           1_f_1_simp
     00000093  _P1_3                              1_f_1_simp
     00000093  _TMR3RLH                           1_f_1_simp
     00000093  _TMR4RLH                           1_f_1_simp
     00000094  _P1_4                              1_f_1_simp
     00000094  _TMR3L                             1_f_1_simp
     00000095  _P1_5                              1_f_1_simp
     00000095  _TMR3H                             1_f_1_simp
     00000096  _P1_6                              1_f_1_simp
     00000096  _USB0ADR                           1_f_1_simp
ASxxxx Linker V03.00 + NoICE + sdld,  page 4.
Hexadecimal  [32-Bits]

Area                                    Addr        Size        Decimal Bytes (Attributes)
--------------------------------        ----        ----        ------- ----- ------------
.  .ABS.                            00000000    00000000 =           0. bytes (ABS,CON)

      Value  Global                              Global Defined In Module
      -----  --------------------------------   ------------------------
     00000097  _P1_7                              1_f_1_simp
     00000097  _USB0DAT                           1_f_1_simp
     00000098  _RI0                               1_f_1_simp
     00000098  _SCON0                             1_f_1_simp
     00000099  _SBUF0                             1_f_1_simp
     00000099  _TI0                               1_f_1_simp
     0000009A  _CPT1CN                            1_f_1_simp
     0000009A  _RB80                              1_f_1_simp
     0000009B  _CPT0CN                            1_f_1_simp
     0000009B  _TB80                              1_f_1_simp
     0000009C  _CPT1MD                            1_f_1_simp
     0000009C  _REN0                              1_f_1_simp
     0000009D  _CPT0MD                            1_f_1_simp
     0000009D  _MCE0                              1_f_1_simp
     0000009E  _CPT1MX                            1_f_1_simp
     0000009F  _CPT0MX                            1_f_1_simp
     0000009F  _S0MODE                            1_f_1_simp
     000000A0  _P2                                1_f_1_simp
     000000A0  _P2_0                              1_f_1_simp
     000000A1  _P2_1                              1_f_1_simp
     000000A1  _SPI0CFG                           1_f_1_simp
     000000A2  _P2_2                              1_f_1_simp
     000000A2  _SPI0CKR                           1_f_1_simp
     000000A3  _P2_3                              1_f_1_simp
     000000A3  _SPI0DAT                           1_f_1_simp
     000000A4  _P0MDOUT                           1_f_1_simp
     000000A4  _P2_4                              1_f_1_simp
     000000A5  _P1MDOUT                           1_f_1_simp
     000000A5  _P2_5                              1_f_1_simp
     000000A6  _P2MDOUT                           1_f_1_simp
     000000A6  _P2_6                              1_f_1_simp
     000000A7  _P2_7                              1_f_1_simp
     000000A7  _P3MDOUT                           1_f_1_simp
     000000A8  _EX0                               1_f_1_simp
     000000A8  _IE                                1_f_1_simp
     000000A9  _CLKSEL                            1_f_1_simp
     000000A9  _ET0                               1_f_1_simp
     000000AA  _EMI0CN                            1_f_1_simp
     000000AA  _EX1                               1_f_1_simp
     000000AA  __XPAGE                            1_f_1_simp
     000000AB  _ET1                               1_f_1_simp
     000000AC  _ES0                               1_f_1_simp
     000000AC  _SBCON1                            1_f_1_simp
     000000AD  _ET2                               1_f_1_simp
     000000AE  _ESPI0                             1_f_1_simp
     000000AE  _P4MDOUT                           1_f_1_simp
     000000AF  _EA                                1_f_1_simp
     000000AF  _PFE0CN                            1_f_1_simp
     000000B0  _P3                                1_f_1_simp
     000000B0  _P3_0                              1_f_1_simp
     000000B1  _OSCXCN                            1_f_1_simp
ASxxxx Linker V03.00 + NoICE + sdld,  page 5.
Hexadecimal  [32-Bits]

Area                                    Addr        Size        Decimal Bytes (Attributes)
--------------------------------        ----        ----        ------- ----- ------------
.  .ABS.                            00000000    00000000 =           0. bytes (ABS,CON)

      Value  Global                              Global Defined In Module
      -----  --------------------------------   ------------------------
     000000B1  _P3_1                              1_f_1_simp
     000000B2  _OSCICN                            1_f_1_simp
     000000B2  _P3_2                              1_f_1_simp
     000000B3  _OSCICL                            1_f_1_simp
     000000B3  _P3_3                              1_f_1_simp
     000000B4  _P3_4                              1_f_1_simp
     000000B4  _SBRLL1                            1_f_1_simp
     000000B5  _P3_5                              1_f_1_simp
     000000B5  _SBRLH1                            1_f_1_simp
     000000B6  _FLSCL                             1_f_1_simp
     000000B6  _P3_6                              1_f_1_simp
     000000B7  _FLKEY                             1_f_1_simp
     000000B7  _P3_7                              1_f_1_simp
     000000B8  _IP                                1_f_1_simp
     000000B8  _PX0                               1_f_1_simp
     000000B9  _CLKMUL                            1_f_1_simp
     000000B9  _PT0                               1_f_1_simp
     000000B9  _SMBTC                             1_f_1_simp
     000000BA  _AMX0N                             1_f_1_simp
     000000BA  _PX1                               1_f_1_simp
     000000BB  _AMX0P                             1_f_1_simp
     000000BB  _PT1                               1_f_1_simp
     000000BC  _ADC0CF                            1_f_1_simp
     000000BC  _PS0                               1_f_1_simp
     000000BD  _ADC0L                             1_f_1_simp
     000000BD  _PT2                               1_f_1_simp
     000000BE  _ADC0H                             1_f_1_simp
     000000BE  _PSPI0                             1_f_1_simp
     000000BF  _SFRPAGE                           1_f_1_simp
     000000C0  _SI0                               1_f_1_simp
     000000C0  _SI1                               1_f_1_simp
     000000C0  _SMB0CN                            1_f_1_simp
     000000C0  _SMB1CN                            1_f_1_simp
     000000C1  _ACK0                              1_f_1_simp
     000000C1  _ACK1                              1_f_1_simp
     000000C1  _SMB0CF                            1_f_1_simp
     000000C1  _SMB1CF                            1_f_1_simp
     000000C2  _ARBLOST0                          1_f_1_simp
     000000C2  _ARBLOST1                          1_f_1_simp
     000000C2  _SMB0DAT                           1_f_1_simp
     000000C2  _SMB1DAT                           1_f_1_simp
     000000C3  _ACKRQ0                            1_f_1_simp
     000000C3  _ACKRQ1                            1_f_1_simp
     000000C3  _ADC0GTL                           1_f_1_simp
     000000C4  _ADC0GTH                           1_f_1_simp
     000000C4  _STO0                              1_f_1_simp
     000000C4  _STO1                              1_f_1_simp
     000000C5  _ADC0LTL                           1_f_1_simp
     000000C5  _STA0                              1_f_1_simp
     000000C5  _STA1                              1_f_1_simp
     000000C6  _ADC0LTH                           1_f_1_simp
ASxxxx Linker V03.00 + NoICE + sdld,  page 6.
Hexadecimal  [32-Bits]

Area                                    Addr        Size        Decimal Bytes (Attributes)
--------------------------------        ----        ----        ------- ----- ------------
.  .ABS.                            00000000    00000000 =           0. bytes (ABS,CON)

      Value  Global                              Global Defined In Module
      -----  --------------------------------   ------------------------
     000000C6  _TXMODE0                           1_f_1_simp
     000000C6  _TXMODE1                           1_f_1_simp
     000000C7  _MASTER0                           1_f_1_simp
     000000C7  _MASTER1                           1_f_1_simp
     000000C7  _P4                                1_f_1_simp
     000000C8  _T2CON                             1_f_1_simp
     000000C8  _T2XCLK                            1_f_1_simp
     000000C8  _T5XCLK                            1_f_1_simp
     000000C8  _TMR2CN                            1_f_1_simp
     000000C8  _TMR5CN                            1_f_1_simp
     000000C9  _REG01CN                           1_f_1_simp
     000000C9  _T2CSS                             1_f_1_simp
     000000CA  _RCAP2L                            1_f_1_simp
     000000CA  _TMR2RLL                           1_f_1_simp
     000000CA  _TMR5RLL                           1_f_1_simp
     000000CA  _TR2                               1_f_1_simp
     000000CA  _TR5                               1_f_1_simp
     000000CB  _RCAP2H                            1_f_1_simp
     000000CB  _T2SPLIT                           1_f_1_simp
     000000CB  _T5SPLIT                           1_f_1_simp
     000000CB  _TMR2RLH                           1_f_1_simp
     000000CB  _TMR5RLH                           1_f_1_simp
     000000CC  _TF2CEN                            1_f_1_simp
     000000CC  _TL2                               1_f_1_simp
     000000CC  _TMR2L                             1_f_1_simp
     000000CC  _TMR5L                             1_f_1_simp
     000000CD  _TF2LEN                            1_f_1_simp
     000000CD  _TF5LEN                            1_f_1_simp
     000000CD  _TH2                               1_f_1_simp
     000000CD  _TMR2H                             1_f_1_simp
     000000CD  _TMR5H                             1_f_1_simp
     000000CE  _SMB0ADM                           1_f_1_simp
     000000CE  _SMB1ADM                           1_f_1_simp
     000000CE  _TF2L                              1_f_1_simp
     000000CE  _TF5L                              1_f_1_simp
     000000CF  _SMB0ADR                           1_f_1_simp
     000000CF  _SMB1ADR                           1_f_1_simp
     000000CF  _TF2H                              1_f_1_simp
     000000CF  _TF5H                              1_f_1_simp
     000000D0  _PARITY                            1_f_1_simp
     000000D0  _PSW                               1_f_1_simp
     000000D1  _F1                                1_f_1_simp
     000000D1  _REF0CN                            1_f_1_simp
     000000D2  _OV                                1_f_1_simp
     000000D2  _SCON1                             1_f_1_simp
     000000D3  _RS0                               1_f_1_simp
     000000D3  _SBUF1                             1_f_1_simp
     000000D4  _P0SKIP                            1_f_1_simp
     000000D4  _RS1                               1_f_1_simp
     000000D5  _F0                                1_f_1_simp
     000000D5  _P1SKIP                            1_f_1_simp
ASxxxx Linker V03.00 + NoICE + sdld,  page 7.
Hexadecimal  [32-Bits]

Area                                    Addr        Size        Decimal Bytes (Attributes)
--------------------------------        ----        ----        ------- ----- ------------
.  .ABS.                            00000000    00000000 =           0. bytes (ABS,CON)

      Value  Global                              Global Defined In Module
      -----  --------------------------------   ------------------------
     000000D6  _AC                                1_f_1_simp
     000000D6  _P2SKIP                            1_f_1_simp
     000000D7  _CY                                1_f_1_simp
     000000D7  _USB0XCN                           1_f_1_simp
     000000D8  _CCF0                              1_f_1_simp
     000000D8  _PCA0CN                            1_f_1_simp
     000000D9  _CCF1                              1_f_1_simp
     000000D9  _PCA0MD                            1_f_1_simp
     000000DA  _CCF2                              1_f_1_simp
     000000DA  _PCA0CPM0                          1_f_1_simp
     000000DB  _CCF3                              1_f_1_simp
     000000DB  _PCA0CPM1                          1_f_1_simp
     000000DC  _CCF4                              1_f_1_simp
     000000DC  _PCA0CPM2                          1_f_1_simp
     000000DD  _PCA0CPM3                          1_f_1_simp
     000000DE  _CR                                1_f_1_simp
     000000DE  _PCA0CPM4                          1_f_1_simp
     000000DF  _CF                                1_f_1_simp
     000000DF  _P3SKIP                            1_f_1_simp
     000000E0  _ACC                               1_f_1_simp
     000000E1  _XBR0                              1_f_1_simp
     000000E2  _XBR1                              1_f_1_simp
     000000E3  _XBR2                              1_f_1_simp
     000000E4  _CKCON1                            1_f_1_simp
     000000E4  _IT01CF                            1_f_1_simp
     000000E5  _SMOD1                             1_f_1_simp
     000000E6  _EIE1                              1_f_1_simp
     000000E7  _EIE2                              1_f_1_simp
     000000E8  _AD0CM0                            1_f_1_simp
     000000E8  _ADC0CN                            1_f_1_simp
     000000E9  _AD0CM1                            1_f_1_simp
     000000E9  _PCA0CPL1                          1_f_1_simp
     000000EA  _AD0CM2                            1_f_1_simp
     000000EA  _PCA0CPH1                          1_f_1_simp
     000000EB  _AD0WINT                           1_f_1_simp
     000000EB  _PCA0CPL2                          1_f_1_simp
     000000EC  _AD0BUSY                           1_f_1_simp
     000000EC  _PCA0CPH2                          1_f_1_simp
     000000ED  _AD0INT                            1_f_1_simp
     000000ED  _PCA0CPL3                          1_f_1_simp
     000000EE  _AD0TM                             1_f_1_simp
     000000EE  _PCA0CPH3                          1_f_1_simp
     000000EF  _AD0EN                             1_f_1_simp
     000000EF  _RSTSRC                            1_f_1_simp
     000000F0  _B                                 1_f_1_simp
     000000F1  _P0MDIN                            1_f_1_simp
     000000F2  _P1MDIN                            1_f_1_simp
     000000F3  _P2MDIN                            1_f_1_simp
     000000F4  _P3MDIN                            1_f_1_simp
     000000F5  _P4MDIN                            1_f_1_simp
     000000F6  _EIP1                              1_f_1_simp
ASxxxx Linker V03.00 + NoICE + sdld,  page 8.
Hexadecimal  [32-Bits]

Area                                    Addr        Size        Decimal Bytes (Attributes)
--------------------------------        ----        ----        ------- ----- ------------
.  .ABS.                            00000000    00000000 =           0. bytes (ABS,CON)

      Value  Global                              Global Defined In Module
      -----  --------------------------------   ------------------------
     000000F7  _EIP2                              1_f_1_simp
     000000F8  _SPI0CN                            1_f_1_simp
     000000F8  _SPIEN                             1_f_1_simp
     000000F9  _PCA0L                             1_f_1_simp
     000000F9  _TXBMT                             1_f_1_simp
     000000FA  _NSSMD0                            1_f_1_simp
     000000FA  _PCA0H                             1_f_1_simp
     000000FB  _NSSMD1                            1_f_1_simp
     000000FB  _PCA0CPL0                          1_f_1_simp
     000000FC  _PCA0CPH0                          1_f_1_simp
     000000FC  _RXOVRN                            1_f_1_simp
     000000FD  _MODF                              1_f_1_simp
     000000FD  _PCA0CPL4                          1_f_1_simp
     000000FE  _PCA0CPH4                          1_f_1_simp
     000000FE  _WCOL                              1_f_1_simp
     000000FF  _SPIF                              1_f_1_simp
     000000FF  _VDM0CN                            1_f_1_simp
     00008382  _DP                                1_f_1_simp
     00009392  _TMR3RL                            1_f_1_simp
     00009392  _TMR4RL                            1_f_1_simp
     00009594  _TMR3                              1_f_1_simp
     00009594  _TMR4                              1_f_1_simp
     0000B5B4  _SBRL1                             1_f_1_simp
     0000BEBD  _ADC0                              1_f_1_simp
     0000C4C3  _ADC0GT                            1_f_1_simp
     0000C6C5  _ADC0LT                            1_f_1_simp
     0000CBCA  _TMR2RL                            1_f_1_simp
     0000CBCA  _TMR5RL                            1_f_1_simp
     0000CDCC  _TMR2                              1_f_1_simp
     0000CDCC  _TMR5                              1_f_1_simp
     0000EAE9  _PCA0CP1                           1_f_1_simp
     0000ECEB  _PCA0CP2                           1_f_1_simp
     0000EEED  _PCA0CP3                           1_f_1_simp
     0000FAF9  _PCA0                              1_f_1_simp
     0000FCFB  _PCA0CP0                           1_f_1_simp
     0000FEFD  _PCA0CP4                           1_f_1_simp

ASxxxx Linker V03.00 + NoICE + sdld,  page 9.
Hexadecimal  [32-Bits]

Area                                    Addr        Size        Decimal Bytes (Attributes)
--------------------------------        ----        ----        ------- ----- ------------
REG_BANK_0                          00000000    00000008 =           8. bytes (REL,OVR)

      Value  Global                              Global Defined In Module
      -----  --------------------------------   ------------------------
ASxxxx Linker V03.00 + NoICE + sdld,  page 10.
Hexadecimal  [32-Bits]

Area                                    Addr        Size        Decimal Bytes (Attributes)
--------------------------------        ----        ----        ------- ----- ------------
DSEG                                00000000    00000080 =         128. bytes (REL,CON)

      Value  Global                              Global Defined In Module
      -----  --------------------------------   ------------------------
ASxxxx Linker V03.00 + NoICE + sdld,  page 11.
Hexadecimal  [32-Bits]

Area                                    Addr        Size        Decimal Bytes (Attributes)
--------------------------------        ----        ----        ------- ----- ------------
SSEG                                00000019    000000E7 =         231. bytes (REL,OVR)

      Value  Global                              Global Defined In Module
      -----  --------------------------------   ------------------------
     00000019  __start__stack                     1_f_1_simp

ASxxxx Linker V03.00 + NoICE + sdld,  page 12.
Hexadecimal  [32-Bits]

Area                                    Addr        Size        Decimal Bytes (Attributes)
--------------------------------        ----        ----        ------- ----- ------------
HOME                                00000000    00000006 =           6. bytes (REL,CON,CODE)

      Value  Global                              Global Defined In Module
      -----  --------------------------------   ------------------------
C:   00000003  __sdcc_program_startup             1_f_1_simp

ASxxxx Linker V03.00 + NoICE + sdld,  page 13.
Hexadecimal  [32-Bits]

Area                                    Addr        Size        Decimal Bytes (Attributes)
--------------------------------        ----        ----        ------- ----- ------------
GSINIT0                             00000006    00000003 =           3. bytes (REL,CON,CODE)

      Value  Global                              Global Defined In Module
      -----  --------------------------------   ------------------------
C:   00000006  __sdcc_gsinit_startup              

ASxxxx Linker V03.00 + NoICE + sdld,  page 14.
Hexadecimal  [32-Bits]

Area                                    Addr        Size        Decimal Bytes (Attributes)
--------------------------------        ----        ----        ------- ----- ------------
GSINIT2                             00000009    0000000A =          10. bytes (REL,CON,CODE)

      Value  Global                              Global Defined In Module
      -----  --------------------------------   ------------------------
ASxxxx Linker V03.00 + NoICE + sdld,  page 15.
Hexadecimal  [32-Bits]

Area                                    Addr        Size        Decimal Bytes (Attributes)
--------------------------------        ----        ----        ------- ----- ------------
GSINIT3                             00000013    00000022 =          34. bytes (REL,CON,CODE)

      Value  Global                              Global Defined In Module
      -----  --------------------------------   ------------------------
C:   00000013  __mcs51_genXINIT                   

ASxxxx Linker V03.00 + NoICE + sdld,  page 16.
Hexadecimal  [32-Bits]

Area                                    Addr        Size        Decimal Bytes (Attributes)
--------------------------------        ----        ----        ------- ----- ------------
GSINIT4                             00000035    0000002A =          42. bytes (REL,CON,CODE)

      Value  Global                              Global Defined In Module
      -----  --------------------------------   ------------------------
C:   00000035  __mcs51_genRAMCLEAR                
C:   0000003B  __mcs51_genXRAMCLEAR               

ASxxxx Linker V03.00 + NoICE + sdld,  page 17.
Hexadecimal  [32-Bits]

Area                                    Addr        Size        Decimal Bytes (Attributes)
--------------------------------        ----        ----        ------- ----- ------------
GSFINAL                             0000005F    00000003 =           3. bytes (REL,CON,CODE)

      Value  Global                              Global Defined In Module
      -----  --------------------------------   ------------------------
ASxxxx Linker V03.00 + NoICE + sdld,  page 18.
Hexadecimal  [32-Bits]

Area                                    Addr        Size        Decimal Bytes (Attributes)
--------------------------------        ----        ----        ------- ----- ------------
CSEG                                00000062    00000097 =         151. bytes (REL,CON,CODE)

      Value  Global                              Global Defined In Module
      -----  --------------------------------   ------------------------
C:   00000062  _delay                             1_f_1_simp
C:   00000097  _main                              1_f_1_simp
C:   000000F5  __sdcc_external_startup            _startup
ASxxxx Linker V03.00 + NoICE + sdld,  page 19.

Files Linked                              [ module(s) ]

1-f-1 simp.rel                            [  ]


Libraries Linked                          [ object file ]

C:\Program Files\SDCC\bin\..\lib\small/mcs51.lib
                                          [ crtclear.rel ]
C:\Program Files\SDCC\bin\..\lib\small/mcs51.lib
                                          [ crtxinit.rel ]
C:\Program Files\SDCC\bin\..\lib\small/mcs51.lib
                                          [ crtxclear.rel ]
C:\Program Files\SDCC\bin\..\lib\small/mcs51.lib
                                          [ crtstart.rel ]
C:\Program Files\SDCC\bin\..\lib\small/libsdcc.lib
                                          [ _startup.rel ]

ASxxxx Linker V03.00 + NoICE + sdld,  page 20.

User Base Address Definitions

HOME = 0x0000
XSEG = 0x0001
PSEG = 0x0001
ISEG = 0x0000
BSEG = 0x0000

