ASxxxx Linker V03.00 + NoICE + sdld,  page 1.
Hexadecimal  [32-Bits]

Area                                    Addr        Size        Decimal Bytes (Attributes)
--------------------------------        ----        ----        ------- ----- ------------
CABS                                00000000    00000000 =           0. bytes (ABS,CON,CODE)

      Value  Global                              Global Defined In Module
      -----  --------------------------------   ------------------------
C:   00000000  l_BIT_BANK                      
C:   00000000  l_BSEG                          
C:   00000000  l_BSEG_BYTES                    
C:   00000000  l_CABS                          
C:   00000000  l_CONST                         
C:   00000000  l_GSINIT                        
C:   00000000  l_GSINIT1                       
C:   00000000  l_GSINIT5                       
C:   00000000  l_IABS                          
C:   00000000  l_ISEG                          
C:   00000000  l_OSEG                          
C:   00000000  l_PSEG                          
C:   00000000  l_REG_BANK_1                    
C:   00000000  l_REG_BANK_2                    
C:   00000000  l_REG_BANK_3                    
C:   00000000  l_RSEG                          
C:   00000000  l_RSEG0                         
C:   00000000  l_RSEG1                         
C:   00000000  l_XABS                          
C:   00000000  l_XINIT                         
C:   00000000  l_XISEG                         
C:   00000000  l_XSEG                          
C:   00000000  l__CODE                         
C:   00000000  s_BSEG                          
C:   00000000  s_CABS                          
C:   00000000  s_DSEG                          
C:   00000000  s_HOME                          
C:   00000000  s_IABS                          
C:   00000000  s_ISEG                          
C:   00000000  s_REG_BANK_0                    
C:   00000000  s_RSEG                          
C:   00000000  s_RSEG0                         
C:   00000000  s_RSEG1                         
C:   00000000  s_XABS                          
C:   00000001  s_PSEG                          
C:   00000001  s_XISEG                         
C:   00000001  s_XSEG                          
C:   00000003  l_GSFINAL                       
C:   00000003  l_GSINIT0                       
C:   00000006  l_HOME                          
C:   00000006  s_GSINIT0                       
C:   00000008  l_REG_BANK_0                    
C:   00000008  s_REG_BANK_1                    
C:   00000009  s_GSINIT1                       
C:   00000009  s_GSINIT2                       
C:   0000000A  l_GSINIT2                       
C:   00000010  s_REG_BANK_2                    
C:   00000013  s_GSINIT3                       
C:   00000018  s_BIT_BANK                      
C:   00000018  s_OSEG                          
ASxxxx Linker V03.00 + NoICE + sdld,  page 2.
Hexadecimal  [32-Bits]

Area                                    Addr        Size        Decimal Bytes (Attributes)
--------------------------------        ----        ----        ------- ----- ------------
CABS                                00000000    00000000 =           0. bytes (ABS,CON,CODE)

      Value  Global                              Global Defined In Module
      -----  --------------------------------   ------------------------
C:   00000018  s_REG_BANK_3                    
C:   00000019  s_SSEG                          
C:   00000020  s_BSEG_BYTES                    
C:   00000020  s__CODE                         
C:   00000022  l_GSINIT3                       
C:   0000002A  l_GSINIT4                       
C:   00000035  s_GSINIT4                       
C:   0000005F  s_GSFINAL                       
C:   0000005F  s_GSINIT                        
C:   0000005F  s_GSINIT5                       
C:   00000062  s_CSEG                          
C:   00000080  l_DSEG                          
C:   000000C5  l_CSEG                          
C:   000000E7  l_SSEG                          
C:   00000100  l_IRAM                          
C:   00000127  s_CONST                         
C:   00000127  s_XINIT                         

ASxxxx Linker V03.00 + NoICE + sdld,  page 3.
Hexadecimal  [32-Bits]

Area                                    Addr        Size        Decimal Bytes (Attributes)
--------------------------------        ----        ----        ------- ----- ------------
.  .ABS.                            00000000    00000000 =           0. bytes (ABS,CON)

      Value  Global                              Global Defined In Module
      -----  --------------------------------   ------------------------
     00000000  .__.ABS.                           _startup
     00000080  _P0                                time1_9_1
     00000080  _P0_0                              time1_9_1
     00000081  _P0_1                              time1_9_1
     00000081  _SP                                time1_9_1
     00000082  _DPL                               time1_9_1
     00000082  _P0_2                              time1_9_1
     00000083  _DPH                               time1_9_1
     00000083  _P0_3                              time1_9_1
     00000084  _EMI0TC                            time1_9_1
     00000084  _P0_4                              time1_9_1
     00000085  _EMI0CF                            time1_9_1
     00000085  _P0_5                              time1_9_1
     00000086  _OSCLCN                            time1_9_1
     00000086  _P0_6                              time1_9_1
     00000087  _P0_7                              time1_9_1
     00000087  _PCON                              time1_9_1
     00000088  _IT0                               time1_9_1
     00000088  _TCON                              time1_9_1
     00000089  _IE0                               time1_9_1
     00000089  _TMOD                              time1_9_1
     0000008A  _IT1                               time1_9_1
     0000008A  _TL0                               time1_9_1
     0000008B  _IE1                               time1_9_1
     0000008B  _TL1                               time1_9_1
     0000008C  _TH0                               time1_9_1
     0000008C  _TR0                               time1_9_1
     0000008D  _TF0                               time1_9_1
     0000008D  _TH1                               time1_9_1
     0000008E  _CKCON                             time1_9_1
     0000008E  _TR1                               time1_9_1
     0000008F  _PSCTL                             time1_9_1
     0000008F  _TF1                               time1_9_1
     00000090  _P1                                time1_9_1
     00000090  _P1_0                              time1_9_1
     00000091  _P1_1                              time1_9_1
     00000091  _TMR3CN                            time1_9_1
     00000091  _TMR4CN                            time1_9_1
     00000092  _P1_2                              time1_9_1
     00000092  _TMR3RLL                           time1_9_1
     00000092  _TMR4RLL                           time1_9_1
     00000093  _P1_3                              time1_9_1
     00000093  _TMR3RLH                           time1_9_1
     00000093  _TMR4RLH                           time1_9_1
     00000094  _P1_4                              time1_9_1
     00000094  _TMR3L                             time1_9_1
     00000095  _P1_5                              time1_9_1
     00000095  _TMR3H                             time1_9_1
     00000096  _P1_6                              time1_9_1
     00000096  _USB0ADR                           time1_9_1
ASxxxx Linker V03.00 + NoICE + sdld,  page 4.
Hexadecimal  [32-Bits]

Area                                    Addr        Size        Decimal Bytes (Attributes)
--------------------------------        ----        ----        ------- ----- ------------
.  .ABS.                            00000000    00000000 =           0. bytes (ABS,CON)

      Value  Global                              Global Defined In Module
      -----  --------------------------------   ------------------------
     00000097  _P1_7                              time1_9_1
     00000097  _USB0DAT                           time1_9_1
     00000098  _RI0                               time1_9_1
     00000098  _SCON0                             time1_9_1
     00000099  _SBUF0                             time1_9_1
     00000099  _TI0                               time1_9_1
     0000009A  _CPT1CN                            time1_9_1
     0000009A  _RB80                              time1_9_1
     0000009B  _CPT0CN                            time1_9_1
     0000009B  _TB80                              time1_9_1
     0000009C  _CPT1MD                            time1_9_1
     0000009C  _REN0                              time1_9_1
     0000009D  _CPT0MD                            time1_9_1
     0000009D  _MCE0                              time1_9_1
     0000009E  _CPT1MX                            time1_9_1
     0000009F  _CPT0MX                            time1_9_1
     0000009F  _S0MODE                            time1_9_1
     000000A0  _P2                                time1_9_1
     000000A0  _P2_0                              time1_9_1
     000000A1  _P2_1                              time1_9_1
     000000A1  _SPI0CFG                           time1_9_1
     000000A2  _P2_2                              time1_9_1
     000000A2  _SPI0CKR                           time1_9_1
     000000A3  _P2_3                              time1_9_1
     000000A3  _SPI0DAT                           time1_9_1
     000000A4  _P0MDOUT                           time1_9_1
     000000A4  _P2_4                              time1_9_1
     000000A5  _P1MDOUT                           time1_9_1
     000000A5  _P2_5                              time1_9_1
     000000A6  _P2MDOUT                           time1_9_1
     000000A6  _P2_6                              time1_9_1
     000000A7  _P2_7                              time1_9_1
     000000A7  _P3MDOUT                           time1_9_1
     000000A8  _EX0                               time1_9_1
     000000A8  _IE                                time1_9_1
     000000A9  _CLKSEL                            time1_9_1
     000000A9  _ET0                               time1_9_1
     000000AA  _EMI0CN                            time1_9_1
     000000AA  _EX1                               time1_9_1
     000000AA  __XPAGE                            time1_9_1
     000000AB  _ET1                               time1_9_1
     000000AC  _ES0                               time1_9_1
     000000AC  _SBCON1                            time1_9_1
     000000AD  _ET2                               time1_9_1
     000000AE  _ESPI0                             time1_9_1
     000000AE  _P4MDOUT                           time1_9_1
     000000AF  _EA                                time1_9_1
     000000AF  _PFE0CN                            time1_9_1
     000000B0  _P3                                time1_9_1
     000000B0  _P3_0                              time1_9_1
     000000B1  _OSCXCN                            time1_9_1
ASxxxx Linker V03.00 + NoICE + sdld,  page 5.
Hexadecimal  [32-Bits]

Area                                    Addr        Size        Decimal Bytes (Attributes)
--------------------------------        ----        ----        ------- ----- ------------
.  .ABS.                            00000000    00000000 =           0. bytes (ABS,CON)

      Value  Global                              Global Defined In Module
      -----  --------------------------------   ------------------------
     000000B1  _P3_1                              time1_9_1
     000000B2  _OSCICN                            time1_9_1
     000000B2  _P3_2                              time1_9_1
     000000B3  _OSCICL                            time1_9_1
     000000B3  _P3_3                              time1_9_1
     000000B4  _P3_4                              time1_9_1
     000000B4  _SBRLL1                            time1_9_1
     000000B5  _P3_5                              time1_9_1
     000000B5  _SBRLH1                            time1_9_1
     000000B6  _FLSCL                             time1_9_1
     000000B6  _P3_6                              time1_9_1
     000000B7  _FLKEY                             time1_9_1
     000000B7  _P3_7                              time1_9_1
     000000B8  _IP                                time1_9_1
     000000B8  _PX0                               time1_9_1
     000000B9  _CLKMUL                            time1_9_1
     000000B9  _PT0                               time1_9_1
     000000B9  _SMBTC                             time1_9_1
     000000BA  _AMX0N                             time1_9_1
     000000BA  _PX1                               time1_9_1
     000000BB  _AMX0P                             time1_9_1
     000000BB  _PT1                               time1_9_1
     000000BC  _ADC0CF                            time1_9_1
     000000BC  _PS0                               time1_9_1
     000000BD  _ADC0L                             time1_9_1
     000000BD  _PT2                               time1_9_1
     000000BE  _ADC0H                             time1_9_1
     000000BE  _PSPI0                             time1_9_1
     000000BF  _SFRPAGE                           time1_9_1
     000000C0  _SI0                               time1_9_1
     000000C0  _SI1                               time1_9_1
     000000C0  _SMB0CN                            time1_9_1
     000000C0  _SMB1CN                            time1_9_1
     000000C1  _ACK0                              time1_9_1
     000000C1  _ACK1                              time1_9_1
     000000C1  _SMB0CF                            time1_9_1
     000000C1  _SMB1CF                            time1_9_1
     000000C2  _ARBLOST0                          time1_9_1
     000000C2  _ARBLOST1                          time1_9_1
     000000C2  _SMB0DAT                           time1_9_1
     000000C2  _SMB1DAT                           time1_9_1
     000000C3  _ACKRQ0                            time1_9_1
     000000C3  _ACKRQ1                            time1_9_1
     000000C3  _ADC0GTL                           time1_9_1
     000000C4  _ADC0GTH                           time1_9_1
     000000C4  _STO0                              time1_9_1
     000000C4  _STO1                              time1_9_1
     000000C5  _ADC0LTL                           time1_9_1
     000000C5  _STA0                              time1_9_1
     000000C5  _STA1                              time1_9_1
     000000C6  _ADC0LTH                           time1_9_1
ASxxxx Linker V03.00 + NoICE + sdld,  page 6.
Hexadecimal  [32-Bits]

Area                                    Addr        Size        Decimal Bytes (Attributes)
--------------------------------        ----        ----        ------- ----- ------------
.  .ABS.                            00000000    00000000 =           0. bytes (ABS,CON)

      Value  Global                              Global Defined In Module
      -----  --------------------------------   ------------------------
     000000C6  _TXMODE0                           time1_9_1
     000000C6  _TXMODE1                           time1_9_1
     000000C7  _MASTER0                           time1_9_1
     000000C7  _MASTER1                           time1_9_1
     000000C7  _P4                                time1_9_1
     000000C8  _T2CON                             time1_9_1
     000000C8  _T2XCLK                            time1_9_1
     000000C8  _T5XCLK                            time1_9_1
     000000C8  _TMR2CN                            time1_9_1
     000000C8  _TMR5CN                            time1_9_1
     000000C9  _REG01CN                           time1_9_1
     000000C9  _T2CSS                             time1_9_1
     000000CA  _RCAP2L                            time1_9_1
     000000CA  _TMR2RLL                           time1_9_1
     000000CA  _TMR5RLL                           time1_9_1
     000000CA  _TR2                               time1_9_1
     000000CA  _TR5                               time1_9_1
     000000CB  _RCAP2H                            time1_9_1
     000000CB  _T2SPLIT                           time1_9_1
     000000CB  _T5SPLIT                           time1_9_1
     000000CB  _TMR2RLH                           time1_9_1
     000000CB  _TMR5RLH                           time1_9_1
     000000CC  _TF2CEN                            time1_9_1
     000000CC  _TL2                               time1_9_1
     000000CC  _TMR2L                             time1_9_1
     000000CC  _TMR5L                             time1_9_1
     000000CD  _TF2LEN                            time1_9_1
     000000CD  _TF5LEN                            time1_9_1
     000000CD  _TH2                               time1_9_1
     000000CD  _TMR2H                             time1_9_1
     000000CD  _TMR5H                             time1_9_1
     000000CE  _SMB0ADM                           time1_9_1
     000000CE  _SMB1ADM                           time1_9_1
     000000CE  _TF2L                              time1_9_1
     000000CE  _TF5L                              time1_9_1
     000000CF  _SMB0ADR                           time1_9_1
     000000CF  _SMB1ADR                           time1_9_1
     000000CF  _TF2H                              time1_9_1
     000000CF  _TF5H                              time1_9_1
     000000D0  _PARITY                            time1_9_1
     000000D0  _PSW                               time1_9_1
     000000D1  _F1                                time1_9_1
     000000D1  _REF0CN                            time1_9_1
     000000D2  _OV                                time1_9_1
     000000D2  _SCON1                             time1_9_1
     000000D3  _RS0                               time1_9_1
     000000D3  _SBUF1                             time1_9_1
     000000D4  _P0SKIP                            time1_9_1
     000000D4  _RS1                               time1_9_1
     000000D5  _F0                                time1_9_1
     000000D5  _P1SKIP                            time1_9_1
ASxxxx Linker V03.00 + NoICE + sdld,  page 7.
Hexadecimal  [32-Bits]

Area                                    Addr        Size        Decimal Bytes (Attributes)
--------------------------------        ----        ----        ------- ----- ------------
.  .ABS.                            00000000    00000000 =           0. bytes (ABS,CON)

      Value  Global                              Global Defined In Module
      -----  --------------------------------   ------------------------
     000000D6  _AC                                time1_9_1
     000000D6  _P2SKIP                            time1_9_1
     000000D7  _CY                                time1_9_1
     000000D7  _USB0XCN                           time1_9_1
     000000D8  _CCF0                              time1_9_1
     000000D8  _PCA0CN                            time1_9_1
     000000D9  _CCF1                              time1_9_1
     000000D9  _PCA0MD                            time1_9_1
     000000DA  _CCF2                              time1_9_1
     000000DA  _PCA0CPM0                          time1_9_1
     000000DB  _CCF3                              time1_9_1
     000000DB  _PCA0CPM1                          time1_9_1
     000000DC  _CCF4                              time1_9_1
     000000DC  _PCA0CPM2                          time1_9_1
     000000DD  _PCA0CPM3                          time1_9_1
     000000DE  _CR                                time1_9_1
     000000DE  _PCA0CPM4                          time1_9_1
     000000DF  _CF                                time1_9_1
     000000DF  _P3SKIP                            time1_9_1
     000000E0  _ACC                               time1_9_1
     000000E1  _XBR0                              time1_9_1
     000000E2  _XBR1                              time1_9_1
     000000E3  _XBR2                              time1_9_1
     000000E4  _CKCON1                            time1_9_1
     000000E4  _IT01CF                            time1_9_1
     000000E5  _SMOD1                             time1_9_1
     000000E6  _EIE1                              time1_9_1
     000000E7  _EIE2                              time1_9_1
     000000E8  _AD0CM0                            time1_9_1
     000000E8  _ADC0CN                            time1_9_1
     000000E9  _AD0CM1                            time1_9_1
     000000E9  _PCA0CPL1                          time1_9_1
     000000EA  _AD0CM2                            time1_9_1
     000000EA  _PCA0CPH1                          time1_9_1
     000000EB  _AD0WINT                           time1_9_1
     000000EB  _PCA0CPL2                          time1_9_1
     000000EC  _AD0BUSY                           time1_9_1
     000000EC  _PCA0CPH2                          time1_9_1
     000000ED  _AD0INT                            time1_9_1
     000000ED  _PCA0CPL3                          time1_9_1
     000000EE  _AD0TM                             time1_9_1
     000000EE  _PCA0CPH3                          time1_9_1
     000000EF  _AD0EN                             time1_9_1
     000000EF  _RSTSRC                            time1_9_1
     000000F0  _B                                 time1_9_1
     000000F1  _P0MDIN                            time1_9_1
     000000F2  _P1MDIN                            time1_9_1
     000000F3  _P2MDIN                            time1_9_1
     000000F4  _P3MDIN                            time1_9_1
     000000F5  _P4MDIN                            time1_9_1
     000000F6  _EIP1                              time1_9_1
ASxxxx Linker V03.00 + NoICE + sdld,  page 8.
Hexadecimal  [32-Bits]

Area                                    Addr        Size        Decimal Bytes (Attributes)
--------------------------------        ----        ----        ------- ----- ------------
.  .ABS.                            00000000    00000000 =           0. bytes (ABS,CON)

      Value  Global                              Global Defined In Module
      -----  --------------------------------   ------------------------
     000000F7  _EIP2                              time1_9_1
     000000F8  _SPI0CN                            time1_9_1
     000000F8  _SPIEN                             time1_9_1
     000000F9  _PCA0L                             time1_9_1
     000000F9  _TXBMT                             time1_9_1
     000000FA  _NSSMD0                            time1_9_1
     000000FA  _PCA0H                             time1_9_1
     000000FB  _NSSMD1                            time1_9_1
     000000FB  _PCA0CPL0                          time1_9_1
     000000FC  _PCA0CPH0                          time1_9_1
     000000FC  _RXOVRN                            time1_9_1
     000000FD  _MODF                              time1_9_1
     000000FD  _PCA0CPL4                          time1_9_1
     000000FE  _PCA0CPH4                          time1_9_1
     000000FE  _WCOL                              time1_9_1
     000000FF  _SPIF                              time1_9_1
     000000FF  _VDM0CN                            time1_9_1
     00008382  _DP                                time1_9_1
     00009392  _TMR3RL                            time1_9_1
     00009392  _TMR4RL                            time1_9_1
     00009594  _TMR3                              time1_9_1
     00009594  _TMR4                              time1_9_1
     0000B5B4  _SBRL1                             time1_9_1
     0000BEBD  _ADC0                              time1_9_1
     0000C4C3  _ADC0GT                            time1_9_1
     0000C6C5  _ADC0LT                            time1_9_1
     0000CBCA  _TMR2RL                            time1_9_1
     0000CBCA  _TMR5RL                            time1_9_1
     0000CDCC  _TMR2                              time1_9_1
     0000CDCC  _TMR5                              time1_9_1
     0000EAE9  _PCA0CP1                           time1_9_1
     0000ECEB  _PCA0CP2                           time1_9_1
     0000EEED  _PCA0CP3                           time1_9_1
     0000FAF9  _PCA0                              time1_9_1
     0000FCFB  _PCA0CP0                           time1_9_1
     0000FEFD  _PCA0CP4                           time1_9_1

ASxxxx Linker V03.00 + NoICE + sdld,  page 9.
Hexadecimal  [32-Bits]

Area                                    Addr        Size        Decimal Bytes (Attributes)
--------------------------------        ----        ----        ------- ----- ------------
REG_BANK_0                          00000000    00000008 =           8. bytes (REL,OVR)

      Value  Global                              Global Defined In Module
      -----  --------------------------------   ------------------------
ASxxxx Linker V03.00 + NoICE + sdld,  page 10.
Hexadecimal  [32-Bits]

Area                                    Addr        Size        Decimal Bytes (Attributes)
--------------------------------        ----        ----        ------- ----- ------------
DSEG                                00000000    00000080 =         128. bytes (REL,CON)

      Value  Global                              Global Defined In Module
      -----  --------------------------------   ------------------------
ASxxxx Linker V03.00 + NoICE + sdld,  page 11.
Hexadecimal  [32-Bits]

Area                                    Addr        Size        Decimal Bytes (Attributes)
--------------------------------        ----        ----        ------- ----- ------------
SSEG                                00000019    000000E7 =         231. bytes (REL,OVR)

      Value  Global                              Global Defined In Module
      -----  --------------------------------   ------------------------
     00000019  __start__stack                     time1_9_1

ASxxxx Linker V03.00 + NoICE + sdld,  page 12.
Hexadecimal  [32-Bits]

Area                                    Addr        Size        Decimal Bytes (Attributes)
--------------------------------        ----        ----        ------- ----- ------------
HOME                                00000000    00000006 =           6. bytes (REL,CON,CODE)

      Value  Global                              Global Defined In Module
      -----  --------------------------------   ------------------------
C:   00000003  __sdcc_program_startup             time1_9_1

ASxxxx Linker V03.00 + NoICE + sdld,  page 13.
Hexadecimal  [32-Bits]

Area                                    Addr        Size        Decimal Bytes (Attributes)
--------------------------------        ----        ----        ------- ----- ------------
GSINIT0                             00000006    00000003 =           3. bytes (REL,CON,CODE)

      Value  Global                              Global Defined In Module
      -----  --------------------------------   ------------------------
C:   00000006  __sdcc_gsinit_startup              

ASxxxx Linker V03.00 + NoICE + sdld,  page 14.
Hexadecimal  [32-Bits]

Area                                    Addr        Size        Decimal Bytes (Attributes)
--------------------------------        ----        ----        ------- ----- ------------
GSINIT2                             00000009    0000000A =          10. bytes (REL,CON,CODE)

      Value  Global                              Global Defined In Module
      -----  --------------------------------   ------------------------
ASxxxx Linker V03.00 + NoICE + sdld,  page 15.
Hexadecimal  [32-Bits]

Area                                    Addr        Size        Decimal Bytes (Attributes)
--------------------------------        ----        ----        ------- ----- ------------
GSINIT3                             00000013    00000022 =          34. bytes (REL,CON,CODE)

      Value  Global                              Global Defined In Module
      -----  --------------------------------   ------------------------
C:   00000013  __mcs51_genXINIT                   

ASxxxx Linker V03.00 + NoICE + sdld,  page 16.
Hexadecimal  [32-Bits]

Area                                    Addr        Size        Decimal Bytes (Attributes)
--------------------------------        ----        ----        ------- ----- ------------
GSINIT4                             00000035    0000002A =          42. bytes (REL,CON,CODE)

      Value  Global                              Global Defined In Module
      -----  --------------------------------   ------------------------
C:   00000035  __mcs51_genRAMCLEAR                
C:   0000003B  __mcs51_genXRAMCLEAR               

ASxxxx Linker V03.00 + NoICE + sdld,  page 17.
Hexadecimal  [32-Bits]

Area                                    Addr        Size        Decimal Bytes (Attributes)
--------------------------------        ----        ----        ------- ----- ------------
GSFINAL                             0000005F    00000003 =           3. bytes (REL,CON,CODE)

      Value  Global                              Global Defined In Module
      -----  --------------------------------   ------------------------
ASxxxx Linker V03.00 + NoICE + sdld,  page 18.
Hexadecimal  [32-Bits]

Area                                    Addr        Size        Decimal Bytes (Attributes)
--------------------------------        ----        ----        ------- ----- ------------
CSEG                                00000062    000000C5 =         197. bytes (REL,CON,CODE)

      Value  Global                              Global Defined In Module
      -----  --------------------------------   ------------------------
C:   00000062  _sdelay                            time1_9_1
C:   00000097  _main                              time1_9_1
C:   00000123  __sdcc_external_startup            _startup
ASxxxx Linker V03.00 + NoICE + sdld,  page 19.

Files Linked                              [ module(s) ]

C:\2ano\ATC\Timer auto 1-9-1\time1-9-1.rel
                                          [  ]


Libraries Linked                          [ object file ]

C:\Program Files\SDCC\bin\..\lib\small/mcs51.lib
                                          [ crtclear.rel ]
C:\Program Files\SDCC\bin\..\lib\small/mcs51.lib
                                          [ crtxinit.rel ]
C:\Program Files\SDCC\bin\..\lib\small/mcs51.lib
                                          [ crtxclear.rel ]
C:\Program Files\SDCC\bin\..\lib\small/mcs51.lib
                                          [ crtstart.rel ]
C:\Program Files\SDCC\bin\..\lib\small/libsdcc.lib
                                          [ _startup.rel ]

ASxxxx Linker V03.00 + NoICE + sdld,  page 20.

User Base Address Definitions

HOME = 0x0000
XSEG = 0x0001
PSEG = 0x0001
ISEG = 0x0000
BSEG = 0x0000

