ASxxxx Linker V03.00 + NoICE + sdld,  page 1.
Hexadecimal  [32-Bits]

Area                                    Addr        Size        Decimal Bytes (Attributes)
--------------------------------        ----        ----        ------- ----- ------------
CABS                                00000000    00000000 =           0. bytes (ABS,CON,CODE)

      Value  Global                              Global Defined In Module
      -----  --------------------------------   ------------------------
C:   00000000  l_BSEG                          
C:   00000000  l_BSEG_BYTES                    
C:   00000000  l_CABS                          
C:   00000000  l_GSINIT1                       
C:   00000000  l_GSINIT5                       
C:   00000000  l_IABS                          
C:   00000000  l_ISEG                          
C:   00000000  l_OSEG                          
C:   00000000  l_PSEG                          
C:   00000000  l_REG_BANK_1                    
C:   00000000  l_REG_BANK_2                    
C:   00000000  l_REG_BANK_3                    
C:   00000000  l_RSEG                          
C:   00000000  l_RSEG0                         
C:   00000000  l_RSEG1                         
C:   00000000  l_XABS                          
C:   00000000  l_XINIT                         
C:   00000000  l_XISEG                         
C:   00000000  l_XSEG                          
C:   00000000  l__CODE                         
C:   00000000  s_BSEG                          
C:   00000000  s_CABS                          
C:   00000000  s_DSEG                          
C:   00000000  s_HOME                          
C:   00000000  s_IABS                          
C:   00000000  s_ISEG                          
C:   00000000  s_REG_BANK_0                    
C:   00000000  s_RSEG                          
C:   00000000  s_RSEG0                         
C:   00000000  s_RSEG1                         
C:   00000000  s_XABS                          
C:   00000001  l_BIT_BANK                      
C:   00000001  s_PSEG                          
C:   00000001  s_XISEG                         
C:   00000001  s_XSEG                          
C:   00000003  l_GSFINAL                       
C:   00000003  l_GSINIT0                       
C:   00000008  l_REG_BANK_0                    
C:   00000008  s_REG_BANK_1                    
C:   0000000A  l_CONST                         
C:   0000000A  l_GSINIT2                       
C:   00000010  s_REG_BANK_2                    
C:   00000016  l_GSINIT                        
C:   00000018  s_REG_BANK_3                    
C:   00000020  s_BIT_BANK                      
C:   00000020  s_BSEG_BYTES                    
C:   00000020  s_OSEG                          
C:   00000020  s__CODE                         
C:   00000021  l_HOME                          
C:   00000021  s_GSINIT0                       
ASxxxx Linker V03.00 + NoICE + sdld,  page 2.
Hexadecimal  [32-Bits]

Area                                    Addr        Size        Decimal Bytes (Attributes)
--------------------------------        ----        ----        ------- ----- ------------
CABS                                00000000    00000000 =           0. bytes (ABS,CON,CODE)

      Value  Global                              Global Defined In Module
      -----  --------------------------------   ------------------------
C:   00000021  s_SSEG                          
C:   00000022  l_GSINIT3                       
C:   00000024  s_GSINIT1                       
C:   00000024  s_GSINIT2                       
C:   0000002A  l_GSINIT4                       
C:   0000002E  s_GSINIT3                       
C:   00000050  s_GSINIT4                       
C:   00000078  l_DSEG                          
C:   0000007A  s_GSINIT                        
C:   0000007A  s_GSINIT5                       
C:   00000090  s_GSFINAL                       
C:   00000093  s_CSEG                          
C:   000000DF  l_SSEG                          
C:   00000100  l_IRAM                          
C:   00000311  l_CSEG                          
C:   000003A4  s_CONST                         
C:   000003AE  s_XINIT                         

ASxxxx Linker V03.00 + NoICE + sdld,  page 3.
Hexadecimal  [32-Bits]

Area                                    Addr        Size        Decimal Bytes (Attributes)
--------------------------------        ----        ----        ------- ----- ------------
.  .ABS.                            00000000    00000000 =           0. bytes (ABS,CON)

      Value  Global                              Global Defined In Module
      -----  --------------------------------   ------------------------
     00000000  .__.ABS.                           _startup
     00000080  _P0                                ATCPro
     00000080  _P0_0                              ATCPro
     00000081  _P0_1                              ATCPro
     00000081  _SP                                ATCPro
     00000082  _DPL                               ATCPro
     00000082  _P0_2                              ATCPro
     00000083  _DPH                               ATCPro
     00000083  _P0_3                              ATCPro
     00000084  _EMI0TC                            ATCPro
     00000084  _P0_4                              ATCPro
     00000085  _EMI0CF                            ATCPro
     00000085  _P0_5                              ATCPro
     00000086  _OSCLCN                            ATCPro
     00000086  _P0_6                              ATCPro
     00000087  _P0_7                              ATCPro
     00000087  _PCON                              ATCPro
     00000088  _IT0                               ATCPro
     00000088  _TCON                              ATCPro
     00000089  _IE0                               ATCPro
     00000089  _TMOD                              ATCPro
     0000008A  _IT1                               ATCPro
     0000008A  _TL0                               ATCPro
     0000008B  _IE1                               ATCPro
     0000008B  _TL1                               ATCPro
     0000008C  _TH0                               ATCPro
     0000008C  _TR0                               ATCPro
     0000008D  _TF0                               ATCPro
     0000008D  _TH1                               ATCPro
     0000008E  _CKCON                             ATCPro
     0000008E  _TR1                               ATCPro
     0000008F  _PSCTL                             ATCPro
     0000008F  _TF1                               ATCPro
     00000090  _P1                                ATCPro
     00000090  _P1_0                              ATCPro
     00000091  _P1_1                              ATCPro
     00000091  _TMR3CN                            ATCPro
     00000091  _TMR4CN                            ATCPro
     00000092  _P1_2                              ATCPro
     00000092  _TMR3RLL                           ATCPro
     00000092  _TMR4RLL                           ATCPro
     00000093  _P1_3                              ATCPro
     00000093  _TMR3RLH                           ATCPro
     00000093  _TMR4RLH                           ATCPro
     00000094  _P1_4                              ATCPro
     00000094  _TMR3L                             ATCPro
     00000095  _P1_5                              ATCPro
     00000095  _TMR3H                             ATCPro
     00000096  _P1_6                              ATCPro
     00000096  _USB0ADR                           ATCPro
ASxxxx Linker V03.00 + NoICE + sdld,  page 4.
Hexadecimal  [32-Bits]

Area                                    Addr        Size        Decimal Bytes (Attributes)
--------------------------------        ----        ----        ------- ----- ------------
.  .ABS.                            00000000    00000000 =           0. bytes (ABS,CON)

      Value  Global                              Global Defined In Module
      -----  --------------------------------   ------------------------
     00000097  _P1_7                              ATCPro
     00000097  _USB0DAT                           ATCPro
     00000098  _RI0                               ATCPro
     00000098  _SCON0                             ATCPro
     00000099  _SBUF0                             ATCPro
     00000099  _TI0                               ATCPro
     0000009A  _CPT1CN                            ATCPro
     0000009A  _RB80                              ATCPro
     0000009B  _CPT0CN                            ATCPro
     0000009B  _TB80                              ATCPro
     0000009C  _CPT1MD                            ATCPro
     0000009C  _REN0                              ATCPro
     0000009D  _CPT0MD                            ATCPro
     0000009D  _MCE0                              ATCPro
     0000009E  _CPT1MX                            ATCPro
     0000009F  _CPT0MX                            ATCPro
     0000009F  _S0MODE                            ATCPro
     000000A0  _P2                                ATCPro
     000000A0  _P2_0                              ATCPro
     000000A1  _P2_1                              ATCPro
     000000A1  _SPI0CFG                           ATCPro
     000000A2  _P2_2                              ATCPro
     000000A2  _SPI0CKR                           ATCPro
     000000A3  _P2_3                              ATCPro
     000000A3  _SPI0DAT                           ATCPro
     000000A4  _P0MDOUT                           ATCPro
     000000A4  _P2_4                              ATCPro
     000000A5  _P1MDOUT                           ATCPro
     000000A5  _P2_5                              ATCPro
     000000A6  _P2MDOUT                           ATCPro
     000000A6  _P2_6                              ATCPro
     000000A7  _P2_7                              ATCPro
     000000A7  _P3MDOUT                           ATCPro
     000000A8  _EX0                               ATCPro
     000000A8  _IE                                ATCPro
     000000A9  _CLKSEL                            ATCPro
     000000A9  _ET0                               ATCPro
     000000AA  _EMI0CN                            ATCPro
     000000AA  _EX1                               ATCPro
     000000AA  __XPAGE                            ATCPro
     000000AB  _ET1                               ATCPro
     000000AC  _ES0                               ATCPro
     000000AC  _SBCON1                            ATCPro
     000000AD  _ET2                               ATCPro
     000000AE  _ESPI0                             ATCPro
     000000AE  _P4MDOUT                           ATCPro
     000000AF  _EA                                ATCPro
     000000AF  _PFE0CN                            ATCPro
     000000B0  _P3                                ATCPro
     000000B0  _P3_0                              ATCPro
     000000B1  _OSCXCN                            ATCPro
ASxxxx Linker V03.00 + NoICE + sdld,  page 5.
Hexadecimal  [32-Bits]

Area                                    Addr        Size        Decimal Bytes (Attributes)
--------------------------------        ----        ----        ------- ----- ------------
.  .ABS.                            00000000    00000000 =           0. bytes (ABS,CON)

      Value  Global                              Global Defined In Module
      -----  --------------------------------   ------------------------
     000000B1  _P3_1                              ATCPro
     000000B2  _OSCICN                            ATCPro
     000000B2  _P3_2                              ATCPro
     000000B3  _OSCICL                            ATCPro
     000000B3  _P3_3                              ATCPro
     000000B4  _P3_4                              ATCPro
     000000B4  _SBRLL1                            ATCPro
     000000B5  _P3_5                              ATCPro
     000000B5  _SBRLH1                            ATCPro
     000000B6  _FLSCL                             ATCPro
     000000B6  _P3_6                              ATCPro
     000000B7  _FLKEY                             ATCPro
     000000B7  _P3_7                              ATCPro
     000000B8  _IP                                ATCPro
     000000B8  _PX0                               ATCPro
     000000B9  _CLKMUL                            ATCPro
     000000B9  _PT0                               ATCPro
     000000B9  _SMBTC                             ATCPro
     000000BA  _AMX0N                             ATCPro
     000000BA  _PX1                               ATCPro
     000000BB  _AMX0P                             ATCPro
     000000BB  _PT1                               ATCPro
     000000BC  _ADC0CF                            ATCPro
     000000BC  _PS0                               ATCPro
     000000BD  _ADC0L                             ATCPro
     000000BD  _PT2                               ATCPro
     000000BE  _ADC0H                             ATCPro
     000000BE  _PSPI0                             ATCPro
     000000BF  _SFRPAGE                           ATCPro
     000000C0  _SI0                               ATCPro
     000000C0  _SI1                               ATCPro
     000000C0  _SMB0CN                            ATCPro
     000000C0  _SMB1CN                            ATCPro
     000000C1  _ACK0                              ATCPro
     000000C1  _ACK1                              ATCPro
     000000C1  _SMB0CF                            ATCPro
     000000C1  _SMB1CF                            ATCPro
     000000C2  _ARBLOST0                          ATCPro
     000000C2  _ARBLOST1                          ATCPro
     000000C2  _SMB0DAT                           ATCPro
     000000C2  _SMB1DAT                           ATCPro
     000000C3  _ACKRQ0                            ATCPro
     000000C3  _ACKRQ1                            ATCPro
     000000C3  _ADC0GTL                           ATCPro
     000000C4  _ADC0GTH                           ATCPro
     000000C4  _STO0                              ATCPro
     000000C4  _STO1                              ATCPro
     000000C5  _ADC0LTL                           ATCPro
     000000C5  _STA0                              ATCPro
     000000C5  _STA1                              ATCPro
     000000C6  _ADC0LTH                           ATCPro
ASxxxx Linker V03.00 + NoICE + sdld,  page 6.
Hexadecimal  [32-Bits]

Area                                    Addr        Size        Decimal Bytes (Attributes)
--------------------------------        ----        ----        ------- ----- ------------
.  .ABS.                            00000000    00000000 =           0. bytes (ABS,CON)

      Value  Global                              Global Defined In Module
      -----  --------------------------------   ------------------------
     000000C6  _TXMODE0                           ATCPro
     000000C6  _TXMODE1                           ATCPro
     000000C7  _MASTER0                           ATCPro
     000000C7  _MASTER1                           ATCPro
     000000C7  _P4                                ATCPro
     000000C8  _T2CON                             ATCPro
     000000C8  _T2XCLK                            ATCPro
     000000C8  _T5XCLK                            ATCPro
     000000C8  _TMR2CN                            ATCPro
     000000C8  _TMR5CN                            ATCPro
     000000C9  _REG01CN                           ATCPro
     000000C9  _T2CSS                             ATCPro
     000000CA  _RCAP2L                            ATCPro
     000000CA  _TMR2RLL                           ATCPro
     000000CA  _TMR5RLL                           ATCPro
     000000CA  _TR2                               ATCPro
     000000CA  _TR5                               ATCPro
     000000CB  _RCAP2H                            ATCPro
     000000CB  _T2SPLIT                           ATCPro
     000000CB  _T5SPLIT                           ATCPro
     000000CB  _TMR2RLH                           ATCPro
     000000CB  _TMR5RLH                           ATCPro
     000000CC  _TF2CEN                            ATCPro
     000000CC  _TL2                               ATCPro
     000000CC  _TMR2L                             ATCPro
     000000CC  _TMR5L                             ATCPro
     000000CD  _TF2LEN                            ATCPro
     000000CD  _TF5LEN                            ATCPro
     000000CD  _TH2                               ATCPro
     000000CD  _TMR2H                             ATCPro
     000000CD  _TMR5H                             ATCPro
     000000CE  _SMB0ADM                           ATCPro
     000000CE  _SMB1ADM                           ATCPro
     000000CE  _TF2L                              ATCPro
     000000CE  _TF5L                              ATCPro
     000000CF  _SMB0ADR                           ATCPro
     000000CF  _SMB1ADR                           ATCPro
     000000CF  _TF2H                              ATCPro
     000000CF  _TF5H                              ATCPro
     000000D0  _PARITY                            ATCPro
     000000D0  _PSW                               ATCPro
     000000D1  _F1                                ATCPro
     000000D1  _REF0CN                            ATCPro
     000000D2  _OV                                ATCPro
     000000D2  _SCON1                             ATCPro
     000000D3  _RS0                               ATCPro
     000000D3  _SBUF1                             ATCPro
     000000D4  _P0SKIP                            ATCPro
     000000D4  _RS1                               ATCPro
     000000D5  _F0                                ATCPro
     000000D5  _P1SKIP                            ATCPro
ASxxxx Linker V03.00 + NoICE + sdld,  page 7.
Hexadecimal  [32-Bits]

Area                                    Addr        Size        Decimal Bytes (Attributes)
--------------------------------        ----        ----        ------- ----- ------------
.  .ABS.                            00000000    00000000 =           0. bytes (ABS,CON)

      Value  Global                              Global Defined In Module
      -----  --------------------------------   ------------------------
     000000D6  _AC                                ATCPro
     000000D6  _P2SKIP                            ATCPro
     000000D7  _CY                                ATCPro
     000000D7  _USB0XCN                           ATCPro
     000000D8  _CCF0                              ATCPro
     000000D8  _PCA0CN                            ATCPro
     000000D9  _CCF1                              ATCPro
     000000D9  _PCA0MD                            ATCPro
     000000DA  _CCF2                              ATCPro
     000000DA  _PCA0CPM0                          ATCPro
     000000DB  _CCF3                              ATCPro
     000000DB  _PCA0CPM1                          ATCPro
     000000DC  _CCF4                              ATCPro
     000000DC  _PCA0CPM2                          ATCPro
     000000DD  _PCA0CPM3                          ATCPro
     000000DE  _CR                                ATCPro
     000000DE  _PCA0CPM4                          ATCPro
     000000DF  _CF                                ATCPro
     000000DF  _P3SKIP                            ATCPro
     000000E0  _ACC                               ATCPro
     000000E1  _XBR0                              ATCPro
     000000E2  _XBR1                              ATCPro
     000000E3  _XBR2                              ATCPro
     000000E4  _CKCON1                            ATCPro
     000000E4  _IT01CF                            ATCPro
     000000E5  _SMOD1                             ATCPro
     000000E6  _EIE1                              ATCPro
     000000E7  _EIE2                              ATCPro
     000000E8  _AD0CM0                            ATCPro
     000000E8  _ADC0CN                            ATCPro
     000000E9  _AD0CM1                            ATCPro
     000000E9  _PCA0CPL1                          ATCPro
     000000EA  _AD0CM2                            ATCPro
     000000EA  _PCA0CPH1                          ATCPro
     000000EB  _AD0WINT                           ATCPro
     000000EB  _PCA0CPL2                          ATCPro
     000000EC  _AD0BUSY                           ATCPro
     000000EC  _PCA0CPH2                          ATCPro
     000000ED  _AD0INT                            ATCPro
     000000ED  _PCA0CPL3                          ATCPro
     000000EE  _AD0TM                             ATCPro
     000000EE  _PCA0CPH3                          ATCPro
     000000EF  _AD0EN                             ATCPro
     000000EF  _RSTSRC                            ATCPro
     000000F0  _B                                 ATCPro
     000000F1  _P0MDIN                            ATCPro
     000000F2  _P1MDIN                            ATCPro
     000000F3  _P2MDIN                            ATCPro
     000000F4  _P3MDIN                            ATCPro
     000000F5  _P4MDIN                            ATCPro
     000000F6  _EIP1                              ATCPro
ASxxxx Linker V03.00 + NoICE + sdld,  page 8.
Hexadecimal  [32-Bits]

Area                                    Addr        Size        Decimal Bytes (Attributes)
--------------------------------        ----        ----        ------- ----- ------------
.  .ABS.                            00000000    00000000 =           0. bytes (ABS,CON)

      Value  Global                              Global Defined In Module
      -----  --------------------------------   ------------------------
     000000F7  _EIP2                              ATCPro
     000000F8  _SPI0CN                            ATCPro
     000000F8  _SPIEN                             ATCPro
     000000F9  _PCA0L                             ATCPro
     000000F9  _TXBMT                             ATCPro
     000000FA  _NSSMD0                            ATCPro
     000000FA  _PCA0H                             ATCPro
     000000FB  _NSSMD1                            ATCPro
     000000FB  _PCA0CPL0                          ATCPro
     000000FC  _PCA0CPH0                          ATCPro
     000000FC  _RXOVRN                            ATCPro
     000000FD  _MODF                              ATCPro
     000000FD  _PCA0CPL4                          ATCPro
     000000FE  _PCA0CPH4                          ATCPro
     000000FE  _WCOL                              ATCPro
     000000FF  _SPIF                              ATCPro
     000000FF  _VDM0CN                            ATCPro
     00008382  _DP                                ATCPro
     00009392  _TMR3RL                            ATCPro
     00009392  _TMR4RL                            ATCPro
     00009594  _TMR3                              ATCPro
     00009594  _TMR4                              ATCPro
     0000B5B4  _SBRL1                             ATCPro
     0000BEBD  _ADC0                              ATCPro
     0000C4C3  _ADC0GT                            ATCPro
     0000C6C5  _ADC0LT                            ATCPro
     0000CBCA  _TMR2RL                            ATCPro
     0000CBCA  _TMR5RL                            ATCPro
     0000CDCC  _TMR2                              ATCPro
     0000CDCC  _TMR5                              ATCPro
     0000EAE9  _PCA0CP1                           ATCPro
     0000ECEB  _PCA0CP2                           ATCPro
     0000EEED  _PCA0CP3                           ATCPro
     0000FAF9  _PCA0                              ATCPro
     0000FCFB  _PCA0CP0                           ATCPro
     0000FEFD  _PCA0CP4                           ATCPro

ASxxxx Linker V03.00 + NoICE + sdld,  page 9.
Hexadecimal  [32-Bits]

Area                                    Addr        Size        Decimal Bytes (Attributes)
--------------------------------        ----        ----        ------- ----- ------------
REG_BANK_0                          00000000    00000008 =           8. bytes (REL,OVR)

      Value  Global                              Global Defined In Module
      -----  --------------------------------   ------------------------
ASxxxx Linker V03.00 + NoICE + sdld,  page 10.
Hexadecimal  [32-Bits]

Area                                    Addr        Size        Decimal Bytes (Attributes)
--------------------------------        ----        ----        ------- ----- ------------
BIT_BANK                            00000020    00000001 =           1. bytes (REL,OVR)

      Value  Global                              Global Defined In Module
      -----  --------------------------------   ------------------------
ASxxxx Linker V03.00 + NoICE + sdld,  page 11.
Hexadecimal  [32-Bits]

Area                                    Addr        Size        Decimal Bytes (Attributes)
--------------------------------        ----        ----        ------- ----- ------------
DSEG                                00000000    00000078 =         120. bytes (REL,CON)

      Value  Global                              Global Defined In Module
      -----  --------------------------------   ------------------------
     00000008  _d                                 ATCPro
     0000000A  _u                                 ATCPro
     0000000C  _U                                 ATCPro
     0000000E  _D                                 ATCPro
     00000010  _aux                               ATCPro
     00000012  _aux1                              ATCPro
     00000014  _estado                            ATCPro
     00000016  _split                             ATCPro

ASxxxx Linker V03.00 + NoICE + sdld,  page 12.
Hexadecimal  [32-Bits]

Area                                    Addr        Size        Decimal Bytes (Attributes)
--------------------------------        ----        ----        ------- ----- ------------
SSEG                                00000021    000000DF =         223. bytes (REL,OVR)

      Value  Global                              Global Defined In Module
      -----  --------------------------------   ------------------------
     00000021  __start__stack                     ATCPro

ASxxxx Linker V03.00 + NoICE + sdld,  page 13.
Hexadecimal  [32-Bits]

Area                                    Addr        Size        Decimal Bytes (Attributes)
--------------------------------        ----        ----        ------- ----- ------------
HOME                                00000000    00000021 =          33. bytes (REL,CON,CODE)

      Value  Global                              Global Defined In Module
      -----  --------------------------------   ------------------------
C:   0000001E  __sdcc_program_startup             ATCPro

ASxxxx Linker V03.00 + NoICE + sdld,  page 14.
Hexadecimal  [32-Bits]

Area                                    Addr        Size        Decimal Bytes (Attributes)
--------------------------------        ----        ----        ------- ----- ------------
GSINIT0                             00000021    00000003 =           3. bytes (REL,CON,CODE)

      Value  Global                              Global Defined In Module
      -----  --------------------------------   ------------------------
C:   00000021  __sdcc_gsinit_startup              

ASxxxx Linker V03.00 + NoICE + sdld,  page 15.
Hexadecimal  [32-Bits]

Area                                    Addr        Size        Decimal Bytes (Attributes)
--------------------------------        ----        ----        ------- ----- ------------
GSINIT2                             00000024    0000000A =          10. bytes (REL,CON,CODE)

      Value  Global                              Global Defined In Module
      -----  --------------------------------   ------------------------
ASxxxx Linker V03.00 + NoICE + sdld,  page 16.
Hexadecimal  [32-Bits]

Area                                    Addr        Size        Decimal Bytes (Attributes)
--------------------------------        ----        ----        ------- ----- ------------
GSINIT3                             0000002E    00000022 =          34. bytes (REL,CON,CODE)

      Value  Global                              Global Defined In Module
      -----  --------------------------------   ------------------------
C:   0000002E  __mcs51_genXINIT                   

ASxxxx Linker V03.00 + NoICE + sdld,  page 17.
Hexadecimal  [32-Bits]

Area                                    Addr        Size        Decimal Bytes (Attributes)
--------------------------------        ----        ----        ------- ----- ------------
GSINIT4                             00000050    0000002A =          42. bytes (REL,CON,CODE)

      Value  Global                              Global Defined In Module
      -----  --------------------------------   ------------------------
C:   00000050  __mcs51_genRAMCLEAR                
C:   00000056  __mcs51_genXRAMCLEAR               

ASxxxx Linker V03.00 + NoICE + sdld,  page 18.
Hexadecimal  [32-Bits]

Area                                    Addr        Size        Decimal Bytes (Attributes)
--------------------------------        ----        ----        ------- ----- ------------
GSINIT                              0000007A    00000016 =          22. bytes (REL,CON,CODE)

      Value  Global                              Global Defined In Module
      -----  --------------------------------   ------------------------
ASxxxx Linker V03.00 + NoICE + sdld,  page 19.
Hexadecimal  [32-Bits]

Area                                    Addr        Size        Decimal Bytes (Attributes)
--------------------------------        ----        ----        ------- ----- ------------
GSFINAL                             00000090    00000003 =           3. bytes (REL,CON,CODE)

      Value  Global                              Global Defined In Module
      -----  --------------------------------   ------------------------
ASxxxx Linker V03.00 + NoICE + sdld,  page 20.
Hexadecimal  [32-Bits]

Area                                    Addr        Size        Decimal Bytes (Attributes)
--------------------------------        ----        ----        ------- ----- ------------
CSEG                                00000093    00000311 =         785. bytes (REL,CON,CODE)

      Value  Global                              Global Defined In Module
      -----  --------------------------------   ------------------------
C:   00000093  _iniciar_sysclock                  ATCPro
C:   0000009A  _iniciar_timer                     ATCPro
C:   000000A8  _iniciar_interrupcoes              ATCPro
C:   000000AC  _iniciar_timer0                    ATCPro
C:   000000B5  _iniciar_timer1                    ATCPro
C:   000000BE  _timer1_overflow                   ATCPro
C:   00000171  _timer0_overflow                   ATCPro
C:   00000284  _start                             ATCPro
C:   00000294  _reset                             ATCPro
C:   000002C6  _split_on                          ATCPro
C:   000002EF  _split_off                         ATCPro
C:   00000317  _stop_on                           ATCPro
C:   00000335  _stop_off                          ATCPro
C:   00000354  _main                              ATCPro
C:   000003A0  __sdcc_external_startup            _startup
ASxxxx Linker V03.00 + NoICE + sdld,  page 21.
Hexadecimal  [32-Bits]

Area                                    Addr        Size        Decimal Bytes (Attributes)
--------------------------------        ----        ----        ------- ----- ------------
CONST                               000003A4    0000000A =          10. bytes (REL,CON,CODE)

      Value  Global                              Global Defined In Module
      -----  --------------------------------   ------------------------
C:   000003A4  _sequencia                         ATCPro

ASxxxx Linker V03.00 + NoICE + sdld,  page 22.

Files Linked                              [ module(s) ]

C:\2ano\ATC\ATCproject\ATCPro.rel         [  ]


Libraries Linked                          [ object file ]

C:\Program Files\SDCC\bin\..\lib\small/mcs51.lib
                                          [ crtclear.rel ]
C:\Program Files\SDCC\bin\..\lib\small/mcs51.lib
                                          [ crtxinit.rel ]
C:\Program Files\SDCC\bin\..\lib\small/mcs51.lib
                                          [ crtxclear.rel ]
C:\Program Files\SDCC\bin\..\lib\small/mcs51.lib
                                          [ crtstart.rel ]
C:\Program Files\SDCC\bin\..\lib\small/libsdcc.lib
                                          [ _startup.rel ]

ASxxxx Linker V03.00 + NoICE + sdld,  page 23.

User Base Address Definitions

HOME = 0x0000
XSEG = 0x0001
PSEG = 0x0001
ISEG = 0x0000
BSEG = 0x0000

